Last login: Sat Jan 18 21:37:23 on ttys001
rajaniapple@Rajanis-MacBook-Pro ~ % export PATH="$HOME/Library/Android/sdk/emulator/":$PATH
rajaniapple@Rajanis-MacBook-Pro ~ % emulator -version
INFO         | Android emulator version 35.3.11.0 (build_id 12836668) (CL:N/A)
INFO         | Graphics backend: gfxstream
Android emulator version 35.3.11.0 (build_id 12836668) (CL:N/A)
Copyright (C) 2006-2024 The Android Open Source Project and many others.
This program is a derivative of the QEMU CPU emulator (www.qemu.org).

  This software is licensed under the terms of the GNU General Public
  License version 2, as published by the Free Software Foundation, and
  may be copied, distributed, and modified under those terms.

  This program is distributed in the hope that it will be useful,
  but WITHOUT ANY WARRANTY; without even the implied warranty of
  MERCHANTABILITY or FITNESS FOR A PARTICULAR PURPOSE.  See the
  GNU General Public License for more details.

rajaniapple@Rajanis-MacBook-Pro ~ % emulator -avd Medium_Phone_API_35
INFO         | Android emulator version 35.3.11.0 (build_id 12836668) (CL:N/A)
INFO         | Graphics backend: gfxstream
rajaniapple@Rajanis-MacBook-Pro ~ % emulator -list-avds              
Medium_Phone_API_35
rajaniapple@Rajanis-MacBook-Pro ~ % emulator -avd Medium_Phone_API_35
INFO         | Android emulator version 35.3.11.0 (build_id 12836668) (CL:N/A)
INFO         | Graphics backend: gfxstream
INFO         | Found systemPath /Users/rajaniapple/Library/Android/sdk/system-images/android-35/google_apis_playstore/arm64-v8a-2/
INFO         | Checking system compatibility:
INFO         |   Checking: hasSufficientDiskSpace
INFO         |      Ok: Disk space requirements to run avd: `Medium_Phone_API_35` are met.
INFO         |   Checking: hasSufficientHwGpu
INFO         |      Ok: Hardware GPU requirements to run avd: `Medium_Phone_API_35` are passed.
INFO         |   Checking: hasSufficientSystem
INFO         |      Ok: System requirements to run avd: `Medium_Phone_API_35` are met.
INFO         | Warning: QMetaObject::connectSlotsByName: No matching signal for on_new_posture_requested(int) ((null):0, (null))

INFO         | Warning: QMetaObject::connectSlotsByName: No matching signal for on_dismiss_posture_selection_dialog() ((null):0, (null))

INFO         | Warning: QMetaObject::connectSlotsByName: No matching signal for on_new_resizable_requested(PresetEmulatorSizeType) ((null):0, (null))

INFO         | Warning: QMetaObject::connectSlotsByName: No matching signal for on_dismiss_resizable_dialog() ((null):0, (null))

INFO         | Warning: QMetaObject::connectSlotsByName: No matching signal for on_sleep_timer_done() ((null):0, (null))

INFO         | Warning: QMetaObject::connectSlotsByName: No matching signal for on_unfold_timer_done() ((null):0, (null))

INFO         | Storing crashdata in: /tmp/android-rajaniapple/emu-crash-35.3.11.db, detection is enabled for process: 13930
library_mode host gpu mode host
INFO         | Initializing hardware OpenGLES emulation support
I0118 21:43:49.482371 4b0b840 opengles.cpp:285] android_startOpenglesRenderer: gpu info
I0118 21:43:49.482401 4b0b840 opengles.cpp:286] 
INFO         | HealthMonitor disabled.
INFO         | initIcdPaths: ICD set to 'swiftshader', using Swiftshader ICD
INFO         | Setting ICD filenames for the loader = /Users/rajaniapple/Library/Android/sdk/emulator/qemu/darwin-aarch64/lib64/vulkan/vk_swiftshader_icd.json:/Users/rajaniapple/Library/Android/sdk/emulator/lib64/vulkan/vk_swiftshader_icd.json
INFO         | SharedLibrary::open for [/Users/rajaniapple/Library/Android/sdk/emulator/qemu/darwin-aarch64/lib64/vulkan/libvulkan.dylib]

INFO         | SharedLibrary::open for [/Users/rajaniapple/Library/Android/sdk/emulator/qemu/darwin-aarch64/lib64/vulkan/libvulkan.dylib]: not found in map, open for the first time

INFO         | SharedLibrary::open for [/Users/rajaniapple/Library/Android/sdk/emulator/qemu/darwin-aarch64/lib64/vulkan/libvulkan.dylib] (posix): begin

INFO         | SharedLibrary::open for [/Users/rajaniapple/Library/Android/sdk/emulator/qemu/darwin-aarch64/lib64/vulkan/libvulkan.dylib] (posix,darwin): call dlopen

INFO         | SharedLibrary::open for [/Users/rajaniapple/Library/Android/sdk/emulator/qemu/darwin-aarch64/lib64/vulkan/libvulkan.dylib] (posix,darwin): failed, try again with [/Users/rajaniapple/Library/Android/sdk/emulator/qemu/darwin-aarch64/lib64/vulkan/libvulkan.dylib]

INFO         | SharedLibrary::open for [/Users/rajaniapple/Library/Android/sdk/emulator/qemu/darwin-aarch64/lib64/vulkan/libvulkan.dylib] failed (posix). dlerror: []

INFO         | SharedLibrary::open for [/Users/rajaniapple/Library/Android/sdk/emulator/lib64/vulkan/libvulkan.dylib]

INFO         | SharedLibrary::open for [/Users/rajaniapple/Library/Android/sdk/emulator/lib64/vulkan/libvulkan.dylib]: not found in map, open for the first time

INFO         | SharedLibrary::open for [/Users/rajaniapple/Library/Android/sdk/emulator/lib64/vulkan/libvulkan.dylib] (posix): begin

INFO         | SharedLibrary::open for [/Users/rajaniapple/Library/Android/sdk/emulator/lib64/vulkan/libvulkan.dylib] (posix,darwin): call dlopen

INFO         | Added library: /Users/rajaniapple/Library/Android/sdk/emulator/lib64/vulkan/libvulkan.dylib
INFO         | Selecting Vulkan device: SwiftShader Device (LLVM 10.0.0), Version: 1.2.0
INFO         | Supports id properties, got a vulkan device UUID
INFO         | SharedLibrary::open for [/System/Library/Frameworks/OpenGL.framework/OpenGL]: not found in map, open for the first time

INFO         | SharedLibrary::open for [/System/Library/Frameworks/OpenGL.framework/OpenGL] (posix): begin

INFO         | SharedLibrary::open for [/System/Library/Frameworks/OpenGL.framework/OpenGL] (posix,darwin): call dlopen

INFO         | SharedLibrary::open for [libshadertranslator.dylib]: not found in map, open for the first time

INFO         | SharedLibrary::open for [libshadertranslator.dylib] (posix): begin

INFO         | SharedLibrary::open for [libshadertranslator.dylib] (posix,darwin): call dlopen

INFO         | Initializing VkEmulation features:
INFO         |     glInteropSupported: false
INFO         |     useDeferredCommands: true
INFO         |     createResourceWithRequirements: true
INFO         |     useVulkanComposition: false
INFO         |     useVulkanNativeSwapchain: false
INFO         |     enable guestRenderDoc: false
INFO         |     ASTC LDR emulation mode: 2
INFO         |     enable ETC2 emulation: true
INFO         |     enable Ycbcr emulation: false
INFO         |     guestVulkanOnly: false
INFO         |     useDedicatedAllocations: false
INFO         | Graphics Adapter Vendor Google (Apple)
INFO         | Graphics Adapter Android Emulator OpenGL ES Translator (Apple M1 Pro)
INFO         | Graphics API Version OpenGL ES 3.0 (4.1 Metal - 89.3)
INFO         | Graphics API Extensions GL_OES_EGL_sync GL_OES_EGL_image GL_OES_EGL_image_external GL_OES_depth24 GL_OES_depth32 GL_OES_element_index_uint GL_OES_texture_float GL_OES_texture_float_linear GL_OES_compressed_paletted_texture GL_OES_compressed_ETC1_RGB8_texture GL_OES_depth_texture GL_OES_texture_npot GL_OES_rgb8_rgba8 GL_EXT_color_buffer_float GL_EXT_color_buffer_half_float GL_EXT_texture_format_BGRA8888 GL_APPLE_texture_format_BGRA8888 
INFO         | Graphics Device Extensions N/A
INFO         | Sending adb public key [QAAAAPN1IMnF1Egk+v9p91J1jFoe1hH0hsc0/liG+nh1JO6zOrLWVbBRW+pBL+BwQBfdvZINDP0IETUhaZmkHaattkD86LJGy6b66u83QTPrRN15uFX0AIpBXv8feQePmcX/ZmZixOEp90s0jbssI5kbSRIEgI8ngmPZ8k0UY3OpTqDr5bB8wRH22NMpPpzMas8AQmAkWUE2jIeBJ8Yi/O/1xG9fE6wBtn/ChYUd2t7CZ7mLXAk1r9bYXjT0FdLOrFiX/2VRE0AUHfwxnKUus//UE4V50qGkCNV58xeKHVzcQpJ+ZSIsHUJIPVyXzFJtHN04Dr0GLJ5ENP5zlljTbUssSUGgOw3fnm131jZZk/N/bBadZSyLk/7ZyvpexI74AyVlStHnkaWOQ5uy14Dgh1dr7ETkfAMqt6Jq7H49Xb57IKLm6frGSB3if8mfFiQKDsf9vAc2Jds3naEzbhE9pv9nQ7pkrEWGFHCbxntNje2mQnG0tR8QOckXZTGmJw+yU1kgFSTtVGRCGIXYw/ibPLCI3cg1bStO5LfyQllaJdbNPT3YaiL59jijloZir9tsapzQ/O5J+7UTPeRNvZJF2xPCFV6HeHel3ygqET2TOsvKWnPB6bVHpbi1uktUSjGBXFiqCERLU2bpDKxCb8kL5W8cwSA9HzzK0+qiR+qITysDAaYieO88LAEAAQA= rajaniapple@unknown]
INFO         | Monitoring duration of emulator setup.
WARNING      | The emulator now requires a signed jwt token for gRPC access! Use the -grpc flag if you really want an open unprotected grpc port
INFO         | Using security allow list from: /Users/rajaniapple/Library/Android/sdk/emulator/lib/emulator_access.json
WARNING      | *** Basic token auth should only be used by android-studio ***
INFO         | The active JSON Web Key Sets can be found here: /Users/rajaniapple/Library/Caches/TemporaryItems/avd/running/13930/jwks/1231d9ac-b357-4d22-9636-fb3af320530a/active.jwk
INFO         | Scanning /Users/rajaniapple/Library/Caches/TemporaryItems/avd/running/13930/jwks/1231d9ac-b357-4d22-9636-fb3af320530a for jwk keys.
INFO         | Started GRPC server at 127.0.0.1:8554, security: Local, auth: +token
INFO         | Advertising in: /Users/rajaniapple/Library/Caches/TemporaryItems/avd/running/pid_13930.ini
INFO         | Setting display: 0 configuration to: 1080x2400, dpi: 420x420 
INFO         | setDisplayActiveConfig 0
2025-01-18 21:43:49.946 qemu-system-aarch64[13930:181957] +[IMKClient subclass]: chose IMKClient_Modern
2025-01-18 21:43:49.946 qemu-system-aarch64[13930:181957] +[IMKInputSession subclass]: chose IMKInputSession_Modern
INFO         | Loading snapshot 'default_boot'...
INFO         | Activated packet streamer for bluetooth emulation
INFO         | Successfully loaded snapshot 'default_boot'
ERROR        | Failed to find ColorBuffer:0
ERROR        | Failed to find ColorBuffer:0
ERROR        | Failed to find EmulatedEglImage:160
INFO         | Created VkInstance:0x149940200 for application:Impeller engine:Impeller.
../../third_party/SwiftShader/src/Vulkan/VkPhysicalDevice.cpp:462 WARNING: UNSUPPORTED: curExtension->sType: 1000338000
../../third_party/SwiftShader/src/Vulkan/VkPhysicalDevice.cpp:462 WARNING: UNSUPPORTED: curExtension->sType: 1000437000
../../third_party/SwiftShader/src/Vulkan/VkPhysicalDevice.cpp:462 WARNING: UNSUPPORTED: curExtension->sType: 1000338000
../../third_party/SwiftShader/src/Vulkan/VkPhysicalDevice.cpp:462 WARNING: UNSUPPORTED: curExtension->sType: 1000437000
../../third_party/SwiftShader/src/Vulkan/VkPhysicalDevice.cpp:462 WARNING: UNSUPPORTED: curExtension->sType: 1000338000
../../third_party/SwiftShader/src/Vulkan/VkPhysicalDevice.cpp:462 WARNING: UNSUPPORTED: curExtension->sType: 1000437000
../../third_party/SwiftShader/src/Vulkan/VkPhysicalDevice.cpp:462 WARNING: UNSUPPORTED: curExtension->sType: 1000338000
../../third_party/SwiftShader/src/Vulkan/VkPhysicalDevice.cpp:462 WARNING: UNSUPPORTED: curExtension->sType: 1000437000
../../third_party/SwiftShader/src/Vulkan/VkPhysicalDevice.cpp:462 WARNING: UNSUPPORTED: curExtension->sType: 1000338000
../../third_party/SwiftShader/src/Vulkan/VkPhysicalDevice.cpp:462 WARNING: UNSUPPORTED: curExtension->sType: 1000437000
../../third_party/SwiftShader/src/Vulkan/VkPhysicalDevice.cpp:462 WARNING: UNSUPPORTED: curExtension->sType: 1000338000
../../third_party/SwiftShader/src/Vulkan/VkPhysicalDevice.cpp:462 WARNING: UNSUPPORTED: curExtension->sType: 1000437000
../../third_party/SwiftShader/src/Vulkan/VkPhysicalDevice.cpp:462 WARNING: UNSUPPORTED: curExtension->sType: 1000338000
../../third_party/SwiftShader/src/Vulkan/VkPhysicalDevice.cpp:462 WARNING: UNSUPPORTED: curExtension->sType: 1000437000
../../third_party/SwiftShader/src/Vulkan/VkPhysicalDevice.cpp:462 WARNING: UNSUPPORTED: curExtension->sType: 1000338000
../../third_party/SwiftShader/src/Vulkan/VkPhysicalDevice.cpp:462 WARNING: UNSUPPORTED: curExtension->sType: 1000437000
../../third_party/SwiftShader/src/Vulkan/VkPhysicalDevice.cpp:462 WARNING: UNSUPPORTED: curExtension->sType: 1000338000
../../third_party/SwiftShader/src/Vulkan/VkPhysicalDevice.cpp:462 WARNING: UNSUPPORTED: curExtension->sType: 1000437000
../../third_party/SwiftShader/src/Vulkan/VkPhysicalDevice.cpp:462 WARNING: UNSUPPORTED: curExtension->sType: 1000338000
../../third_party/SwiftShader/src/Vulkan/VkPhysicalDevice.cpp:462 WARNING: UNSUPPORTED: curExtension->sType: 1000437000
../../third_party/SwiftShader/src/Vulkan/VkPhysicalDevice.cpp:462 WARNING: UNSUPPORTED: curExtension->sType: 1000338000
../../third_party/SwiftShader/src/Vulkan/VkPhysicalDevice.cpp:462 WARNING: UNSUPPORTED: curExtension->sType: 1000437000
../../third_party/SwiftShader/src/Vulkan/VkPhysicalDevice.cpp:462 WARNING: UNSUPPORTED: curExtension->sType: 1000338000
../../third_party/SwiftShader/src/Vulkan/VkPhysicalDevice.cpp:462 WARNING: UNSUPPORTED: curExtension->sType: 1000437000
../../third_party/SwiftShader/src/Vulkan/VkPhysicalDevice.cpp:462 WARNING: UNSUPPORTED: curExtension->sType: 1000338000
../../third_party/SwiftShader/src/Vulkan/VkPhysicalDevice.cpp:462 WARNING: UNSUPPORTED: curExtension->sType: 1000437000
../../third_party/SwiftShader/src/Vulkan/VkPhysicalDevice.cpp:462 WARNING: UNSUPPORTED: curExtension->sType: 1000338000
../../third_party/SwiftShader/src/Vulkan/VkPhysicalDevice.cpp:462 WARNING: UNSUPPORTED: curExtension->sType: 1000437000
../../third_party/SwiftShader/src/Vulkan/VkPhysicalDevice.cpp:462 WARNING: UNSUPPORTED: curExtension->sType: 1000338000
../../third_party/SwiftShader/src/Vulkan/VkPhysicalDevice.cpp:462 WARNING: UNSUPPORTED: curExtension->sType: 1000437000
../../third_party/SwiftShader/src/Vulkan/VkPhysicalDevice.cpp:462 WARNING: UNSUPPORTED: curExtension->sType: 1000338000
../../third_party/SwiftShader/src/Vulkan/VkPhysicalDevice.cpp:462 WARNING: UNSUPPORTED: curExtension->sType: 1000437000
INFO         | Created VkDevice:0x1517c0010 for application:Impeller engine:Impeller ASTC emulation:off CPU decoding:off.
../../third_party/SwiftShader/src/Vulkan/VkPhysicalDevice.cpp:462 WARNING: UNSUPPORTED: curExtension->sType: 1000338000
../../third_party/SwiftShader/src/Vulkan/VkPhysicalDevice.cpp:462 WARNING: UNSUPPORTED: curExtension->sType: 1000437000
../../third_party/SwiftShader/src/Vulkan/VkPhysicalDevice.cpp:462 WARNING: UNSUPPORTED: curExtension->sType: 1000338000
../../third_party/SwiftShader/src/Vulkan/VkPhysicalDevice.cpp:462 WARNING: UNSUPPORTED: curExtension->sType: 1000437000
../../third_party/SwiftShader/src/Vulkan/VkPhysicalDevice.cpp:462 WARNING: UNSUPPORTED: curExtension->sType: 1000338000
../../third_party/SwiftShader/src/Vulkan/VkPhysicalDevice.cpp:462 WARNING: UNSUPPORTED: curExtension->sType: 1000437000
../../third_party/SwiftShader/src/Vulkan/VkPhysicalDevice.cpp:462 WARNING: UNSUPPORTED: curExtension->sType: 1000338000
../../third_party/SwiftShader/src/Vulkan/VkPhysicalDevice.cpp:462 WARNING: UNSUPPORTED: curExtension->sType: 1000437000
INFO         | Created VkInstance:0x149940200 for application:Impeller engine:Impeller.
../../third_party/SwiftShader/src/Vulkan/VkPhysicalDevice.cpp:462 WARNING: UNSUPPORTED: curExtension->sType: 1000338000
../../third_party/SwiftShader/src/Vulkan/VkPhysicalDevice.cpp:462 WARNING: UNSUPPORTED: curExtension->sType: 1000437000
../../third_party/SwiftShader/src/Vulkan/VkPhysicalDevice.cpp:462 WARNING: UNSUPPORTED: curExtension->sType: 1000338000
../../third_party/SwiftShader/src/Vulkan/VkPhysicalDevice.cpp:462 WARNING: UNSUPPORTED: curExtension->sType: 1000437000
../../third_party/SwiftShader/src/Vulkan/VkPhysicalDevice.cpp:462 WARNING: UNSUPPORTED: curExtension->sType: 1000338000
../../third_party/SwiftShader/src/Vulkan/VkPhysicalDevice.cpp:462 WARNING: UNSUPPORTED: curExtension->sType: 1000437000
../../third_party/SwiftShader/src/Vulkan/VkPhysicalDevice.cpp:462 WARNING: UNSUPPORTED: curExtension->sType: 1000338000
../../third_party/SwiftShader/src/Vulkan/VkPhysicalDevice.cpp:462 WARNING: UNSUPPORTED: curExtension->sType: 1000437000
../../third_party/SwiftShader/src/Vulkan/VkPhysicalDevice.cpp:462 WARNING: UNSUPPORTED: curExtension->sType: 1000338000
../../third_party/SwiftShader/src/Vulkan/VkPhysicalDevice.cpp:462 WARNING: UNSUPPORTED: curExtension->sType: 1000437000
../../third_party/SwiftShader/src/Vulkan/VkPhysicalDevice.cpp:462 WARNING: UNSUPPORTED: curExtension->sType: 1000338000
../../third_party/SwiftShader/src/Vulkan/VkPhysicalDevice.cpp:462 WARNING: UNSUPPORTED: curExtension->sType: 1000437000
../../third_party/SwiftShader/src/Vulkan/VkPhysicalDevice.cpp:462 WARNING: UNSUPPORTED: curExtension->sType: 1000338000
../../third_party/SwiftShader/src/Vulkan/VkPhysicalDevice.cpp:462 WARNING: UNSUPPORTED: curExtension->sType: 1000437000
../../third_party/SwiftShader/src/Vulkan/VkPhysicalDevice.cpp:462 WARNING: UNSUPPORTED: curExtension->sType: 1000338000
../../third_party/SwiftShader/src/Vulkan/VkPhysicalDevice.cpp:462 WARNING: UNSUPPORTED: curExtension->sType: 1000437000
../../third_party/SwiftShader/src/Vulkan/VkPhysicalDevice.cpp:462 WARNING: UNSUPPORTED: curExtension->sType: 1000338000
../../third_party/SwiftShader/src/Vulkan/VkPhysicalDevice.cpp:462 WARNING: UNSUPPORTED: curExtension->sType: 1000437000
../../third_party/SwiftShader/src/Vulkan/VkPhysicalDevice.cpp:462 WARNING: UNSUPPORTED: curExtension->sType: 1000338000
../../third_party/SwiftShader/src/Vulkan/VkPhysicalDevice.cpp:462 WARNING: UNSUPPORTED: curExtension->sType: 1000437000
../../third_party/SwiftShader/src/Vulkan/VkPhysicalDevice.cpp:462 WARNING: UNSUPPORTED: curExtension->sType: 1000338000
../../third_party/SwiftShader/src/Vulkan/VkPhysicalDevice.cpp:462 WARNING: UNSUPPORTED: curExtension->sType: 1000437000
../../third_party/SwiftShader/src/Vulkan/VkPhysicalDevice.cpp:462 WARNING: UNSUPPORTED: curExtension->sType: 1000338000
../../third_party/SwiftShader/src/Vulkan/VkPhysicalDevice.cpp:462 WARNING: UNSUPPORTED: curExtension->sType: 1000437000
../../third_party/SwiftShader/src/Vulkan/VkPhysicalDevice.cpp:462 WARNING: UNSUPPORTED: curExtension->sType: 1000338000
../../third_party/SwiftShader/src/Vulkan/VkPhysicalDevice.cpp:462 WARNING: UNSUPPORTED: curExtension->sType: 1000437000
../../third_party/SwiftShader/src/Vulkan/VkPhysicalDevice.cpp:462 WARNING: UNSUPPORTED: curExtension->sType: 1000338000
../../third_party/SwiftShader/src/Vulkan/VkPhysicalDevice.cpp:462 WARNING: UNSUPPORTED: curExtension->sType: 1000437000
../../third_party/SwiftShader/src/Vulkan/VkPhysicalDevice.cpp:462 WARNING: UNSUPPORTED: curExtension->sType: 1000338000
../../third_party/SwiftShader/src/Vulkan/VkPhysicalDevice.cpp:462 WARNING: UNSUPPORTED: curExtension->sType: 1000437000
../../third_party/SwiftShader/src/Vulkan/VkPhysicalDevice.cpp:462 WARNING: UNSUPPORTED: curExtension->sType: 1000338000
../../third_party/SwiftShader/src/Vulkan/VkPhysicalDevice.cpp:462 WARNING: UNSUPPORTED: curExtension->sType: 1000437000
INFO         | Created VkDevice:0x145558010 for application:Impeller engine:Impeller ASTC emulation:off CPU decoding:off.
../../third_party/SwiftShader/src/Vulkan/VkPhysicalDevice.cpp:462 WARNING: UNSUPPORTED: curExtension->sType: 1000338000
../../third_party/SwiftShader/src/Vulkan/VkPhysicalDevice.cpp:462 WARNING: UNSUPPORTED: curExtension->sType: 1000437000
../../third_party/SwiftShader/src/Vulkan/VkPhysicalDevice.cpp:462 WARNING: UNSUPPORTED: curExtension->sType: 1000338000
../../third_party/SwiftShader/src/Vulkan/VkPhysicalDevice.cpp:462 WARNING: UNSUPPORTED: curExtension->sType: 1000437000
../../third_party/SwiftShader/src/Vulkan/VkPhysicalDevice.cpp:462 WARNING: UNSUPPORTED: curExtension->sType: 1000338000
../../third_party/SwiftShader/src/Vulkan/VkPhysicalDevice.cpp:462 WARNING: UNSUPPORTED: curExtension->sType: 1000437000
../../third_party/SwiftShader/src/Vulkan/VkPhysicalDevice.cpp:462 WARNING: UNSUPPORTED: curExtension->sType: 1000338000
../../third_party/SwiftShader/src/Vulkan/VkPhysicalDevice.cpp:462 WARNING: UNSUPPORTED: curExtension->sType: 1000437000
INFO         | Warning: QMetaObject::connectSlotsByName: No matching signal for on_rgbcSensorValueWidget_valueChanged() ((null):0, (null))

INFO         | Warning: QMetaObject::connectSlotsByName: No matching signal for on_posture_valueChanged(int) ((null):0, (null))

[h264 @ 0x134d68200] no frame!
[h264 @ 0x134d68200] no frame!
[h264 @ 0x134db1000] no frame!
[h264 @ 0x134db1000] no frame!
[h264 @ 0x134db1000] no frame!
[h264 @ 0x134db1000] no frame!
ERROR        | Failed to find ColorBuffer:0
^CINFO         | Wait for emulator (pid 13930) 20 seconds to shutdown gracefully before kill;you can set environment variable ANDROID_EMULATOR_WAIT_TIME_BEFORE_KILL(in seconds) to change the default value (20 seconds)

INFO         | Wait for emulator (pid 13930) 20 seconds to shutdown gracefully before kill;you can set environment variable ANDROID_EMULATOR_WAIT_TIME_BEFORE_KILL(in seconds) to change the default value (20 seconds)

WARNING      | Not saving state: current state does not support snapshotting
INFO         | Deleting snapshot default_boot
rajaniapple@Rajanis-MacBook-Pro ~ % 
